Traceback (most recent call last):
  File "/tmp/monolith-m5max/dspark/exhaustive/compile-quant.py", line 11, in <module>
    s._compile(8,dynamic=True,prefill=False).save('/tmp/monolith-m5max/dspark/exhaustive/program-'+fmt+'.json')
    ^^^^^^^^^^^^^^^^^^^^^^^^^^^^^^^^^^^^^^^^
  File "/Users/zhihaojia/lithos/mpk-apple/monolith/generate.py", line 166, in _compile
    prog = compile_program(self.model, self.pack, self.profile, t=bound, dynamic_t=dynamic, eos=self.eos,
           ^^^^^^^^^^^^^^^^^^^^^^^^^^^^^^^^^^^^^^^^^^^^^^^^^^^^^^^^^^^^^^^^^^^^^^^^^^^^^^^^^^^^^^^^^^^^^^
  File "/Users/zhihaojia/lithos/mpk-apple/monolith/compiler/emit.py", line 1518, in compile_program
    program = emit_program(g, pack=[pack, drafter_pack], profile=profile, t=t, dynamic_t=True, layout=layout, eos=eos, ring_capacity=ring_capacity,
              ^^^^^^^^^^^^^^^^^^^^^^^^^^^^^^^^^^^^^^^^^^^^^^^^^^^^^^^^^^^^^^^^^^^^^^^^^^^^^^^^^^^^^^^^^^^^^^^^^^^^^^^^^^^^^^^^^^^^^^^^^^^^^^^^^^^^^
  File "/Users/zhihaojia/lithos/mpk-apple/monolith/compiler/emit.py", line 1366, in emit_program
    HANDLERS[op.kind](ctx, op)
  File "/Users/zhihaojia/lithos/mpk-apple/monolith/compiler/emit.py", line 259, in _embed
    macros = dict(kernels.embed_macros(info, ids=op.attrs.get("ids")), **ctx.t_macros(t_c, t_src))
                  ^^^^^^^^^^^^^^^^^^^^^^^^^^^^^^^^^^^^^^^^^^^^^^^^^^^
  File "/Users/zhihaojia/lithos/mpk-apple/monolith/kernels.py", line 409, in embed_macros
    raise ValueError(f"embed: sub-word units (K={info.k}) are the shader GEMV's; the gather reads whole-word units")
ValueError: embed: sub-word units (K=256) are the shader GEMV's; the gather reads whole-word units
COMPILED int4_affine
2026-10-03 17:15:15.576 python[31817:5544398] Metal GPU Validation Enabled
all 128 {} {'baseline': 22.770208335714415, 'candidate': 22.79750001616776}
VALIDATED int4_affine
