Traceback (most recent call last):
  File "/tmp/monolith-m5max/dspark/exhaustive/compile-quant.py", line 11, in <module>
    s._compile(8,dynamic=True,prefill=False).save('/tmp/monolith-m5max/dspark/exhaustive/program-'+fmt+'.json')
    ^^^^^^^^^^^^^^^^^^^^^^^^^^^^^^^^^^^^^^^^
  File "/Users/zhihaojia/lithos/mpk-apple/monolith/generate.py", line 166, in _compile
    prog = compile_program(self.model, self.pack, self.profile, t=bound, dynamic_t=dynamic, eos=self.eos,
           ^^^^^^^^^^^^^^^^^^^^^^^^^^^^^^^^^^^^^^^^^^^^^^^^^^^^^^^^^^^^^^^^^^^^^^^^^^^^^^^^^^^^^^^^^^^^^^
  File "/Users/zhihaojia/lithos/mpk-apple/monolith/compiler/emit.py", line 1518, in compile_program
    program = emit_program(g, pack=[pack, drafter_pack], profile=profile, t=t, dynamic_t=True, layout=layout, eos=eos, ring_capacity=ring_capacity,
              ^^^^^^^^^^^^^^^^^^^^^^^^^^^^^^^^^^^^^^^^^^^^^^^^^^^^^^^^^^^^^^^^^^^^^^^^^^^^^^^^^^^^^^^^^^^^^^^^^^^^^^^^^^^^^^^^^^^^^^^^^^^^^^^^^^^^^
  File "/Users/zhihaojia/lithos/mpk-apple/monolith/compiler/emit.py", line 1366, in emit_program
    HANDLERS[op.kind](ctx, op)
  File "/Users/zhihaojia/lithos/mpk-apple/monolith/compiler/emit.py", line 259, in _embed
    macros = dict(kernels.embed_macros(info, ids=op.attrs.get("ids")), **ctx.t_macros(t_c, t_src))
                  ^^^^^^^^^^^^^^^^^^^^^^^^^^^^^^^^^^^^^^^^^^^^^^^^^^^
  File "/Users/zhihaojia/lithos/mpk-apple/monolith/kernels.py", line 407, in embed_macros
    raise ValueError(f"embed: a packed {info.format} table needs block scales and no per-tensor scale")
ValueError: embed: a packed fp8_e4m3 table needs block scales and no per-tensor scale
COMPILED fp8_e4m3
2026-10-03 16:58:53.128 python[17876:5488573] Metal GPU Validation Enabled
all 128 {} {'baseline': 22.353166656102985, 'candidate': 22.353500011377037}
VALIDATED fp8_e4m3
