START narrow-shader-validation
END narrow-shader-validation 0
START mlp-coupled
END mlp-coupled 0
START markov-chain-confirm
END markov-chain-confirm 0
START mixer-projection-refine
END mixer-projection-refine 0
START mixer-confirm-128
END mixer-confirm-128 0
START mixer-confirm-4096
END mixer-confirm-4096 0
START mixer-confirm-8192
END mixer-confirm-8192 0
START mixer-confirm-16384
END mixer-confirm-16384 0
START mixer-confirm-32768
END mixer-confirm-32768 0
START full-bf16-128
END full-bf16-128 0
START full-bf16-4096
END full-bf16-4096 0
START full-bf16-8192
END full-bf16-8192 0
START full-bf16-16384
END full-bf16-16384 0
START full-bf16-32768
END full-bf16-32768 1
Traceback (most recent call last):
  File "/tmp/monolith-m5max/dspark/exhaustive/confirm-driver.py", line 90, in <module>
    run('full-bf16-'+ctx,args)
  File "/tmp/monolith-m5max/dspark/exhaustive/confirm-driver.py", line 15, in run
    if rc:raise RuntimeError(label)
          ^^^^^^^^^^^^^^^^^^^^^^^^^
RuntimeError: full-bf16-32768
