START wide-validation
END wide-validation 0
START lm_head-narrow-repaired
END lm_head-narrow-repaired 0
START markov_chain-fusion
END markov_chain-fusion 0
START mlp-independent
END mlp-independent 0
START mixer-native
END mixer-native 0
START mixer-wide
END mixer-wide 0
START mixer-scheduling
END mixer-scheduling 0
START markov-finalists
END markov-finalists 0
START feature-finalists
END feature-finalists 0
START context_kv-finalists
END context_kv-finalists 0
START lm_head-finalists
END lm_head-finalists 0
START mlp-finalists
END mlp-finalists 0
START feature_scalar-geometry
END feature_scalar-geometry 0
START feature_scalar-finalists
END feature_scalar-finalists 0
START context_kv_scalar-geometry
END context_kv_scalar-geometry 0
START context_kv_scalar-finalists
END context_kv_scalar-finalists 0
DONE refinement
