REJECTED lm_head 128 {'lm_head': {'workers': 160, 'sgs': 4, 'tn': 16, 'compact': True, 'ksplit': 4, 'mode': 'native', 'staged_tk': 32, 'ragged_teams': True, 'nvfp4_layout': 'tile', 'nvfp4_tile_block': 32, 'q_outer': 0}} MSL compile failed: program_source:494:19: error: zero-length arrays are not permitted in C++
        float scv[NCH];                                                  // one block scale per 16-column chunk
                  ^~~
program_source:278:13:
REJECTED lm_head 128 {'lm_head': {'workers': 160, 'sgs': 4, 'tn': 16, 'compact': True, 'ksplit': 4, 'mode': 'native', 'staged_tk': 32, 'ragged_teams': True, 'nvfp4_layout': 'tile', 'nvfp4_tile_block': 32, 'q_outer': 1}} MSL compile failed: program_source:494:19: error: zero-length arrays are not permitted in C++
        float scv[NCH];                                                  // one block scale per 16-column chunk
                  ^~~
program_source:278:13:
lm_head 128 {'lm_head': {'workers': 160, 'sgs': 4, 'tn': 16, 'compact': True, 'ksplit': 4, 'mode': 'native', 'staged_tk': 64, 'ragged_teams': True, 'nvfp4_layout': 'tile', 'nvfp4_tile_block': 32, 'q_outer': 0}} {'baseline': 1.7361000005621463, 'candidate': 1.3332000002264977}
lm_head 128 {'lm_head': {'workers': 160, 'sgs': 4, 'tn': 16, 'compact': True, 'ksplit': 4, 'mode': 'native', 'staged_tk': 64, 'ragged_teams': True, 'nvfp4_layout': 'tile', 'nvfp4_tile_block': 32, 'q_outer': 1}} {'baseline': 1.7341083323117346, 'candidate': 1.3378750008996576}
lm_head 128 {'lm_head': {'workers': 160, 'sgs': 4, 'tn': 16, 'compact': True, 'ksplit': 4, 'mode': 'native', 'staged_tk': 128, 'ragged_teams': True, 'nvfp4_layout': 'tile', 'nvfp4_tile_block': 32, 'q_outer': 0}} {'baseline': 1.7363166669383645, 'candidate': 1.2172749964520335}
lm_head 128 {'lm_head': {'workers': 160, 'sgs': 4, 'tn': 16, 'compact': True, 'ksplit': 4, 'mode': 'native', 'staged_tk': 128, 'ragged_teams': True, 'nvfp4_layout': 'tile', 'nvfp4_tile_block': 32, 'q_outer': 1}} {'baseline': 1.738508336711675, 'candidate': 1.2164999963715672}
lm_head 128 {'lm_head': {'workers': 160, 'sgs': 4, 'tn': 16, 'compact': True, 'ksplit': 4, 'mode': 'native', 'staged_tk': 256, 'ragged_teams': True, 'nvfp4_layout': 'tile', 'nvfp4_tile_block': 32, 'q_outer': 0}} {'baseline': 1.7364416678901762, 'candidate': 1.2383499997667968}
lm_head 128 {'lm_head': {'workers': 160, 'sgs': 4, 'tn': 16, 'compact': True, 'ksplit': 4, 'mode': 'native', 'staged_tk': 256, 'ragged_teams': True, 'nvfp4_layout': 'tile', 'nvfp4_tile_block': 32, 'q_outer': 1}} {'baseline': 1.7366249987389892, 'candidate': 1.243391662137583}
REJECTED lm_head 128 {'lm_head': {'workers': 160, 'sgs': 4, 'tn': 32, 'compact': True, 'ksplit': 4, 'mode': 'native', 'staged_tk': 32, 'ragged_teams': True, 'nvfp4_layout': 'tile', 'nvfp4_tile_block': 32, 'q_outer': 0}} MSL compile failed: program_source:494:19: error: zero-length arrays are not permitted in C++
        float scv[NCH];                                                  // one block scale per 16-column chunk
                  ^~~
program_source:278:13:
REJECTED lm_head 128 {'lm_head': {'workers': 160, 'sgs': 4, 'tn': 32, 'compact': True, 'ksplit': 4, 'mode': 'native', 'staged_tk': 32, 'ragged_teams': True, 'nvfp4_layout': 'tile', 'nvfp4_tile_block': 32, 'q_outer': 1}} MSL compile failed: program_source:494:19: error: zero-length arrays are not permitted in C++
        float scv[NCH];                                                  // one block scale per 16-column chunk
                  ^~~
program_source:278:13:
lm_head 128 {'lm_head': {'workers': 160, 'sgs': 4, 'tn': 32, 'compact': True, 'ksplit': 4, 'mode': 'native', 'staged_tk': 64, 'ragged_teams': True, 'nvfp4_layout': 'tile', 'nvfp4_tile_block': 32, 'q_outer': 0}} {'baseline': 1.7338583304081112, 'candidate': 1.2131249997764826}
lm_head 128 {'lm_head': {'workers': 160, 'sgs': 4, 'tn': 32, 'compact': True, 'ksplit': 4, 'mode': 'native', 'staged_tk': 64, 'ragged_teams': True, 'nvfp4_layout': 'tile', 'nvfp4_tile_block': 32, 'q_outer': 1}} {'baseline': 1.733191666426137, 'candidate': 1.212024997221306}
lm_head 128 {'lm_head': {'workers': 160, 'sgs': 4, 'tn': 32, 'compact': True, 'ksplit': 4, 'mode': 'native', 'staged_tk': 128, 'ragged_teams': True, 'nvfp4_layout': 'tile', 'nvfp4_tile_block': 32, 'q_outer': 0}} {'baseline': 1.7359833349473774, 'candidate': 1.3193333346862346}
lm_head 128 {'lm_head': {'workers': 160, 'sgs': 4, 'tn': 32, 'compact': True, 'ksplit': 4, 'mode': 'native', 'staged_tk': 128, 'ragged_teams': True, 'nvfp4_layout': 'tile', 'nvfp4_tile_block': 32, 'q_outer': 1}} {'baseline': 1.7341750033665448, 'candidate': 1.3277749996632338}
lm_head 128 {'lm_head': {'workers': 160, 'sgs': 4, 'tn': 32, 'compact': True, 'ksplit': 4, 'mode': 'native', 'staged_tk': 256, 'ragged_teams': True, 'nvfp4_layout': 'tile', 'nvfp4_tile_block': 32, 'q_outer': 0}} {'baseline': 1.7364750034175813, 'candidate': 2.2702749993186444}
lm_head 128 {'lm_head': {'workers': 160, 'sgs': 4, 'tn': 32, 'compact': True, 'ksplit': 4, 'mode': 'native', 'staged_tk': 256, 'ragged_teams': True, 'nvfp4_layout': 'tile', 'nvfp4_tile_block': 32, 'q_outer': 1}} {'baseline': 1.73804999794811, 'candidate': 2.2646666620858014}
REJECTED lm_head 128 {'lm_head': {'workers': 160, 'sgs': 4, 'tn': 64, 'compact': True, 'ksplit': 4, 'mode': 'native', 'staged_tk': 32, 'ragged_teams': True, 'nvfp4_layout': 'tile', 'nvfp4_tile_block': 32, 'q_outer': 0}} MSL compile failed: program_source:494:19: error: zero-length arrays are not permitted in C++
        float scv[NCH];                                                  // one block scale per 16-column chunk
                  ^~~
program_source:278:13:
REJECTED lm_head 128 {'lm_head': {'workers': 160, 'sgs': 4, 'tn': 64, 'compact': True, 'ksplit': 4, 'mode': 'native', 'staged_tk': 32, 'ragged_teams': True, 'nvfp4_layout': 'tile', 'nvfp4_tile_block': 32, 'q_outer': 1}} MSL compile failed: program_source:494:19: error: zero-length arrays are not permitted in C++
        float scv[NCH];                                                  // one block scale per 16-column chunk
                  ^~~
program_source:278:13:
lm_head 128 {'lm_head': {'workers': 160, 'sgs': 4, 'tn': 64, 'compact': True, 'ksplit': 4, 'mode': 'native', 'staged_tk': 64, 'ragged_teams': True, 'nvfp4_layout': 'tile', 'nvfp4_tile_block': 32, 'q_outer': 0}} {'baseline': 1.7318666679784656, 'candidate': 1.2468416651245207}
lm_head 128 {'lm_head': {'workers': 160, 'sgs': 4, 'tn': 64, 'compact': True, 'ksplit': 4, 'mode': 'native', 'staged_tk': 64, 'ragged_teams': True, 'nvfp4_layout': 'tile', 'nvfp4_tile_block': 32, 'q_outer': 1}} {'baseline': 1.7324249958619475, 'candidate': 1.2474499992094934}
lm_head 128 {'lm_head': {'workers': 160, 'sgs': 4, 'tn': 64, 'compact': True, 'ksplit': 4, 'mode': 'native', 'staged_tk': 128, 'ragged_teams': True, 'nvfp4_layout': 'tile', 'nvfp4_tile_block': 32, 'q_outer': 0}} {'baseline': 1.736600004369393, 'candidate': 1.8021499970927835}
lm_head 128 {'lm_head': {'workers': 160, 'sgs': 4, 'tn': 64, 'compact': True, 'ksplit': 4, 'mode': 'native', 'staged_tk': 128, 'ragged_teams': True, 'nvfp4_layout': 'tile', 'nvfp4_tile_block': 32, 'q_outer': 1}} {'baseline': 1.7376166651956737, 'candidate': 1.8040583352558315}
lm_head 128 {'lm_head': {'workers': 160, 'sgs': 4, 'tn': 64, 'compact': True, 'ksplit': 4, 'mode': 'native', 'staged_tk': 256, 'ragged_teams': True, 'nvfp4_layout': 'tile', 'nvfp4_tile_block': 32, 'q_outer': 0}} {'baseline': 1.7374666640534997, 'candidate': 7.427350000943989}
lm_head 128 {'lm_head': {'workers': 160, 'sgs': 4, 'tn': 64, 'compact': True, 'ksplit': 4, 'mode': 'native', 'staged_tk': 256, 'ragged_teams': True, 'nvfp4_layout': 'tile', 'nvfp4_tile_block': 32, 'q_outer': 1}} {'baseline': 1.7371999972965568, 'candidate': 7.468075002543628}
REJECTED lm_head 128 {'lm_head': {'workers': 160, 'sgs': 4, 'tn': 128, 'compact': True, 'ksplit': 4, 'mode': 'native', 'staged_tk': 32, 'ragged_teams': True, 'nvfp4_layout': 'tile', 'nvfp4_tile_block': 32, 'q_outer': 0}} MSL compile failed: program_source:494:19: error: zero-length arrays are not permitted in C++
        float scv[NCH];                                                  // one block scale per 16-column chunk
                  ^~~
program_source:278:13:
REJECTED lm_head 128 {'lm_head': {'workers': 160, 'sgs': 4, 'tn': 128, 'compact': True, 'ksplit': 4, 'mode': 'native', 'staged_tk': 32, 'ragged_teams': True, 'nvfp4_layout': 'tile', 'nvfp4_tile_block': 32, 'q_outer': 1}} MSL compile failed: program_source:494:19: error: zero-length arrays are not permitted in C++
        float scv[NCH];                                                  // one block scale per 16-column chunk
                  ^~~
program_source:278:13:
lm_head 128 {'lm_head': {'workers': 160, 'sgs': 4, 'tn': 128, 'compact': True, 'ksplit': 4, 'mode': 'native', 'staged_tk': 64, 'ragged_teams': True, 'nvfp4_layout': 'tile', 'nvfp4_tile_block': 32, 'q_outer': 0}} {'baseline': 1.735174999339506, 'candidate': 2.992766664829105}
lm_head 128 {'lm_head': {'workers': 160, 'sgs': 4, 'tn': 128, 'compact': True, 'ksplit': 4, 'mode': 'native', 'staged_tk': 64, 'ragged_teams': True, 'nvfp4_layout': 'tile', 'nvfp4_tile_block': 32, 'q_outer': 1}} {'baseline': 1.7372249974869192, 'candidate': 3.0205749964807183}
lm_head 128 {'lm_head': {'workers': 160, 'sgs': 4, 'tn': 128, 'compact': True, 'ksplit': 4, 'mode': 'native', 'staged_tk': 128, 'ragged_teams': True, 'nvfp4_layout': 'tile', 'nvfp4_tile_block': 32, 'q_outer': 0}} {'baseline': 1.7368750006426126, 'candidate': 6.808083335636184}
lm_head 128 {'lm_head': {'workers': 160, 'sgs': 4, 'tn': 128, 'compact': True, 'ksplit': 4, 'mode': 'native', 'staged_tk': 128, 'ragged_teams': True, 'nvfp4_layout': 'tile', 'nvfp4_tile_block': 32, 'q_outer': 1}} {'baseline': 1.735475001623854, 'candidate': 6.8415083340369165}
lm_head 128 {'lm_head': {'workers': 160, 'sgs': 4, 'tn': 128, 'compact': True, 'ksplit': 4, 'mode': 'native', 'staged_tk': 256, 'ragged_teams': True, 'nvfp4_layout': 'tile', 'nvfp4_tile_block': 32, 'q_outer': 0}} {'baseline': 1.7365499981679022, 'candidate': 12.147725000977516}
lm_head 128 {'lm_head': {'workers': 160, 'sgs': 4, 'tn': 128, 'compact': True, 'ksplit': 4, 'mode': 'native', 'staged_tk': 256, 'ragged_teams': True, 'nvfp4_layout': 'tile', 'nvfp4_tile_block': 32, 'q_outer': 1}} {'baseline': 1.7377500014845282, 'candidate': 11.967933335108683}
lm_head 128 {'lm_head': {'workers': 160, 'sgs': 4, 'tn': 32, 'compact': True, 'ksplit': 4, 'mode': 'native', 'staged_tk': 64, 'ragged_teams': True, 'nvfp4_layout': 'tile', 'nvfp4_tile_block': 1, 'q_outer': 0}} {'baseline': 1.7346666660159826, 'candidate': 1.221558329416439}
lm_head 128 {'lm_head': {'workers': 160, 'sgs': 4, 'tn': 32, 'compact': True, 'ksplit': 4, 'mode': 'native', 'staged_tk': 64, 'ragged_teams': True, 'nvfp4_layout': 'tile', 'nvfp4_tile_block': 2, 'q_outer': 0}} {'baseline': 1.7344416643027216, 'candidate': 1.2172000017017126}
lm_head 128 {'lm_head': {'workers': 160, 'sgs': 4, 'tn': 32, 'compact': True, 'ksplit': 4, 'mode': 'native', 'staged_tk': 64, 'ragged_teams': True, 'nvfp4_layout': 'tile', 'nvfp4_tile_block': 4, 'q_outer': 0}} {'baseline': 1.732191670453176, 'candidate': 1.2150999973528087}
lm_head 128 {'lm_head': {'workers': 160, 'sgs': 4, 'tn': 32, 'compact': True, 'ksplit': 4, 'mode': 'native', 'staged_tk': 64, 'ragged_teams': True, 'nvfp4_layout': 'tile', 'nvfp4_tile_block': 8, 'q_outer': 0}} {'baseline': 1.7335083335638046, 'candidate': 1.2128000031225383}
lm_head 128 {'lm_head': {'workers': 160, 'sgs': 4, 'tn': 32, 'compact': True, 'ksplit': 4, 'mode': 'native', 'staged_tk': 64, 'ragged_teams': True, 'nvfp4_layout': 'tile', 'nvfp4_tile_block': 16, 'q_outer': 0}} {'baseline': 1.735099998768419, 'candidate': 1.2134250020608306}
lm_head 128 {'lm_head': {'workers': 160, 'sgs': 4, 'tn': 32, 'compact': True, 'ksplit': 4, 'mode': 'native', 'staged_tk': 64, 'ragged_teams': True, 'nvfp4_layout': 'tile', 'nvfp4_tile_block': 64, 'q_outer': 0}} {'baseline': 1.7351499991491437, 'candidate': 1.2112999975215644}
lm_head 128 {'lm_head': {'workers': 160, 'sgs': 4, 'tn': 32, 'compact': True, 'ksplit': 4, 'mode': 'native', 'staged_tk': 64, 'ragged_teams': True, 'nvfp4_layout': 'tile', 'nvfp4_tile_block': 128, 'q_outer': 0}} {'baseline': 1.7348166671581566, 'candidate': 1.2116333353333175}
lm_head 128 {'lm_head': {'workers': 160, 'sgs': 4, 'tn': 32, 'compact': True, 'ksplit': 4, 'mode': 'native', 'staged_tk': 64, 'ragged_teams': True, 'nvfp4_layout': 'tile', 'nvfp4_tile_block': 256, 'q_outer': 0}} {'baseline': 1.7331000010017306, 'candidate': 1.2122750049456954}
lm_head 128 {'lm_head': {'workers': 160, 'sgs': 4, 'tn': 32, 'compact': True, 'ksplit': 4, 'mode': 'native', 'staged_tk': 64, 'ragged_teams': True, 'nvfp4_layout': 'tile', 'nvfp4_tile_block': 512, 'q_outer': 0}} {'baseline': 1.7332166666164994, 'candidate': 1.21217499836348}
REJECTED lm_head 128 {'lm_head': {'workers': 160, 'sgs': 4, 'tn': 16, 'compact': True, 'ksplit': 1, 'mode': 'coop', 'ragged_teams': True, 'nvfp4_layout': 'tile', 'nvfp4_tile_block': 1, 'q_outer': 0}} MSL compile failed: program_source:494:19: error: zero-length arrays are not permitted in C++
        float scv[NCH];                                                  // one block scale per 16-column chunk
                  ^~~
program_source:278:13:
REJECTED lm_head 128 {'lm_head': {'workers': 160, 'sgs': 4, 'tn': 16, 'compact': True, 'ksplit': 2, 'mode': 'coop', 'ragged_teams': True, 'nvfp4_layout': 'tile', 'nvfp4_tile_block': 1, 'q_outer': 0}} MSL compile failed: program_source:494:19: error: zero-length arrays are not permitted in C++
        float scv[NCH];                                                  // one block scale per 16-column chunk
                  ^~~
program_source:278:13:
REJECTED lm_head 128 {'lm_head': {'workers': 160, 'sgs': 4, 'tn': 16, 'compact': True, 'ksplit': 4, 'mode': 'coop', 'ragged_teams': True, 'nvfp4_layout': 'tile', 'nvfp4_tile_block': 1, 'q_outer': 0}} MSL compile failed: program_source:494:19: error: zero-length arrays are not permitted in C++
        float scv[NCH];                                                  // one block scale per 16-column chunk
                  ^~~
program_source:278:13:
REJECTED lm_head 128 {'lm_head': {'workers': 160, 'sgs': 4, 'tn': 16, 'compact': True, 'ksplit': 1, 'mode': 'coop', 'ragged_teams': True, 'nvfp4_layout': 'tile', 'nvfp4_tile_block': 32, 'q_outer': 0}} MSL compile failed: program_source:494:19: error: zero-length arrays are not permitted in C++
        float scv[NCH];                                                  // one block scale per 16-column chunk
                  ^~~
program_source:278:13:
REJECTED lm_head 128 {'lm_head': {'workers': 160, 'sgs': 4, 'tn': 16, 'compact': True, 'ksplit': 2, 'mode': 'coop', 'ragged_teams': True, 'nvfp4_layout': 'tile', 'nvfp4_tile_block': 32, 'q_outer': 0}} MSL compile failed: program_source:494:19: error: zero-length arrays are not permitted in C++
        float scv[NCH];                                                  // one block scale per 16-column chunk
                  ^~~
program_source:278:13:
REJECTED lm_head 128 {'lm_head': {'workers': 160, 'sgs': 4, 'tn': 16, 'compact': True, 'ksplit': 4, 'mode': 'coop', 'ragged_teams': True, 'nvfp4_layout': 'tile', 'nvfp4_tile_block': 32, 'q_outer': 0}} MSL compile failed: program_source:494:19: error: zero-length arrays are not permitted in C++
        float scv[NCH];                                                  // one block scale per 16-column chunk
                  ^~~
program_source:278:13:
REJECTED lm_head 128 {'lm_head': {'workers': 160, 'sgs': 4, 'tn': 16, 'compact': True, 'ksplit': 1, 'mode': 'coop', 'ragged_teams': True, 'nvfp4_layout': 'tile', 'nvfp4_tile_block': 128, 'q_outer': 0}} MSL compile failed: program_source:494:19: error: zero-length arrays are not permitted in C++
        float scv[NCH];                                                  // one block scale per 16-column chunk
                  ^~~
program_source:278:13:
REJECTED lm_head 128 {'lm_head': {'workers': 160, 'sgs': 4, 'tn': 16, 'compact': True, 'ksplit': 2, 'mode': 'coop', 'ragged_teams': True, 'nvfp4_layout': 'tile', 'nvfp4_tile_block': 128, 'q_outer': 0}} MSL compile failed: program_source:494:19: error: zero-length arrays are not permitted in C++
        float scv[NCH];                                                  // one block scale per 16-column chunk
                  ^~~
program_source:278:13:
REJECTED lm_head 128 {'lm_head': {'workers': 160, 'sgs': 4, 'tn': 16, 'compact': True, 'ksplit': 4, 'mode': 'coop', 'ragged_teams': True, 'nvfp4_layout': 'tile', 'nvfp4_tile_block': 128, 'q_outer': 0}} MSL compile failed: program_source:494:19: error: zero-length arrays are not permitted in C++
        float scv[NCH];                                                  // one block scale per 16-column chunk
                  ^~~
program_source:278:13:
REJECTED lm_head 128 {'lm_head': {'workers': 160, 'sgs': 4, 'tn': 32, 'compact': True, 'ksplit': 1, 'mode': 'coop', 'ragged_teams': True, 'nvfp4_layout': 'tile', 'nvfp4_tile_block': 1, 'q_outer': 0}} MSL compile failed: program_source:494:19: error: zero-length arrays are not permitted in C++
        float scv[NCH];                                                  // one block scale per 16-column chunk
                  ^~~
program_source:278:13:
REJECTED lm_head 128 {'lm_head': {'workers': 160, 'sgs': 4, 'tn': 32, 'compact': True, 'ksplit': 2, 'mode': 'coop', 'ragged_teams': True, 'nvfp4_layout': 'tile', 'nvfp4_tile_block': 1, 'q_outer': 0}} MSL compile failed: program_source:494:19: error: zero-length arrays are not permitted in C++
        float scv[NCH];                                                  // one block scale per 16-column chunk
                  ^~~
program_source:278:13:
REJECTED lm_head 128 {'lm_head': {'workers': 160, 'sgs': 4, 'tn': 32, 'compact': True, 'ksplit': 4, 'mode': 'coop', 'ragged_teams': True, 'nvfp4_layout': 'tile', 'nvfp4_tile_block': 1, 'q_outer': 0}} MSL compile failed: program_source:494:19: error: zero-length arrays are not permitted in C++
        float scv[NCH];                                                  // one block scale per 16-column chunk
                  ^~~
program_source:278:13:
REJECTED lm_head 128 {'lm_head': {'workers': 160, 'sgs': 4, 'tn': 32, 'compact': True, 'ksplit': 1, 'mode': 'coop', 'ragged_teams': True, 'nvfp4_layout': 'tile', 'nvfp4_tile_block': 32, 'q_outer': 0}} MSL compile failed: program_source:494:19: error: zero-length arrays are not permitted in C++
        float scv[NCH];                                                  // one block scale per 16-column chunk
                  ^~~
program_source:278:13:
REJECTED lm_head 128 {'lm_head': {'workers': 160, 'sgs': 4, 'tn': 32, 'compact': True, 'ksplit': 2, 'mode': 'coop', 'ragged_teams': True, 'nvfp4_layout': 'tile', 'nvfp4_tile_block': 32, 'q_outer': 0}} MSL compile failed: program_source:494:19: error: zero-length arrays are not permitted in C++
        float scv[NCH];                                                  // one block scale per 16-column chunk
                  ^~~
program_source:278:13:
REJECTED lm_head 128 {'lm_head': {'workers': 160, 'sgs': 4, 'tn': 32, 'compact': True, 'ksplit': 4, 'mode': 'coop', 'ragged_teams': True, 'nvfp4_layout': 'tile', 'nvfp4_tile_block': 32, 'q_outer': 0}} MSL compile failed: program_source:494:19: error: zero-length arrays are not permitted in C++
        float scv[NCH];                                                  // one block scale per 16-column chunk
                  ^~~
program_source:278:13:
REJECTED lm_head 128 {'lm_head': {'workers': 160, 'sgs': 4, 'tn': 32, 'compact': True, 'ksplit': 1, 'mode': 'coop', 'ragged_teams': True, 'nvfp4_layout': 'tile', 'nvfp4_tile_block': 128, 'q_outer': 0}} MSL compile failed: program_source:494:19: error: zero-length arrays are not permitted in C++
        float scv[NCH];                                                  // one block scale per 16-column chunk
                  ^~~
program_source:278:13:
REJECTED lm_head 128 {'lm_head': {'workers': 160, 'sgs': 4, 'tn': 32, 'compact': True, 'ksplit': 2, 'mode': 'coop', 'ragged_teams': True, 'nvfp4_layout': 'tile', 'nvfp4_tile_block': 128, 'q_outer': 0}} MSL compile failed: program_source:494:19: error: zero-length arrays are not permitted in C++
        float scv[NCH];                                                  // one block scale per 16-column chunk
                  ^~~
program_source:278:13:
REJECTED lm_head 128 {'lm_head': {'workers': 160, 'sgs': 4, 'tn': 32, 'compact': True, 'ksplit': 4, 'mode': 'coop', 'ragged_teams': True, 'nvfp4_layout': 'tile', 'nvfp4_tile_block': 128, 'q_outer': 0}} MSL compile failed: program_source:494:19: error: zero-length arrays are not permitted in C++
        float scv[NCH];                                                  // one block scale per 16-column chunk
                  ^~~
program_source:278:13:
